2026-08-10T23:07:16.504501Z [info     ] parsing set                    n_records=4000 set=a
2026-08-10T23:07:21.331726Z [info     ] parsing set                    n_records=4000 set=b
2026-08-10T23:07:26.010892Z [info     ] cohort loaded                  degenerate_records=9 grid_occupancy=0.2027660472972973 missing_fraction=0.7972339527027027 n_hours=48 n_patients=8000 n_variables=37 observed_cells=2880900 sets=('a', 'b')
2026-08-10T23:07:26.040975Z [info     ] cohort                         n=8000 prevalence=0.14025
2026-08-10T23:07:27.673632Z [info     ] fold fitted                    fold=0 n_calibration=1600 n_features_used=223 n_model_train=4800 n_test=1600
2026-08-10T23:07:28.485106Z [info     ] fold fitted                    fold=1 n_calibration=1600 n_features_used=225 n_model_train=4800 n_test=1600
2026-08-10T23:07:29.296592Z [info     ] fold fitted                    fold=2 n_calibration=1600 n_features_used=227 n_model_train=4800 n_test=1600
2026-08-10T23:07:30.163945Z [info     ] fold fitted                    fold=3 n_calibration=1600 n_features_used=225 n_model_train=4800 n_test=1600
2026-08-10T23:07:30.971356Z [info     ] fold fitted                    fold=4 n_calibration=1600 n_features_used=229 n_model_train=4800 n_test=1600
2026-08-10T23:07:30.973388Z [info     ] patient sets                   n_confirmation=3200 n_discovery=4800
2026-08-10T23:07:31.197560Z [info     ] clean reference                confirmation_auroc=0.8179 discovery_auroc=0.8335
2026-08-10T23:07:31.197560Z [info     ] enumerating configurations     n=1023
2026-08-10T23:10:47.077824Z [info     ] enumeration progress           done=50 eta_seconds=3811.8 seconds=195.9 total=1023
2026-08-10T23:12:16.783719Z [info     ] enumeration progress           done=100 eta_seconds=2636.0 seconds=285.6 total=1023
2026-08-10T23:13:50.446246Z [info     ] enumeration progress           done=150 eta_seconds=2207.2 seconds=379.2 total=1023
2026-08-10T23:15:55.505276Z [info     ] enumeration progress           done=200 eta_seconds=2075.2 seconds=504.3 total=1023
2026-08-10T23:17:30.953073Z [info     ] enumeration progress           done=250 eta_seconds=1854.4 seconds=599.8 total=1023
2026-08-10T23:19:01.583209Z [info     ] enumeration progress           done=300 eta_seconds=1663.8 seconds=690.4 total=1023
2026-08-10T23:20:52.975852Z [info     ] enumeration progress           done=350 eta_seconds=1541.7 seconds=801.8 total=1023
2026-08-10T23:23:13.944829Z [info     ] enumeration progress           done=400 eta_seconds=1468.3 seconds=942.7 total=1023
2026-08-10T23:25:02.051637Z [info     ] enumeration progress           done=450 eta_seconds=1338.1 seconds=1050.9 total=1023
2026-08-10T23:26:36.944046Z [info     ] enumeration progress           done=500 eta_seconds=1198.5 seconds=1145.7 total=1023
2026-08-10T23:28:08.710587Z [info     ] enumeration progress           done=550 eta_seconds=1064.3 seconds=1237.5 total=1023
2026-08-10T23:29:38.084239Z [info     ] enumeration progress           done=600 eta_seconds=935.5 seconds=1326.9 total=1023
2026-08-10T23:31:12.233319Z [info     ] enumeration progress           done=650 eta_seconds=815.5 seconds=1421.0 total=1023
2026-08-10T23:32:43.148085Z [info     ] enumeration progress           done=700 eta_seconds=697.7 seconds=1512.0 total=1023
2026-08-10T23:34:13.718618Z [info     ] enumeration progress           done=750 eta_seconds=583.3 seconds=1602.5 total=1023
2026-08-10T23:35:45.032138Z [info     ] enumeration progress           done=800 eta_seconds=472.2 seconds=1693.8 total=1023
2026-08-10T23:37:14.928404Z [info     ] enumeration progress           done=850 eta_seconds=363.0 seconds=1783.7 total=1023
2026-08-10T23:38:45.205816Z [info     ] enumeration progress           done=900 eta_seconds=256.1 seconds=1874.0 total=1023
2026-08-10T23:40:16.014538Z [info     ] enumeration progress           done=950 eta_seconds=151.0 seconds=1964.8 total=1023
2026-08-10T23:41:46.512893Z [info     ] enumeration progress           done=1000 eta_seconds=47.3 seconds=2055.3 total=1023
2026-08-10T23:42:28.535949Z [info     ] enumeration progress           done=1023 eta_seconds=0.0 seconds=2097.3 total=1023
2026-08-10T23:42:28.537955Z [info     ] locked selection               top_k=[['BMP_like', 'TroponinI'], ['BMP_like', 'Cholesterol'], ['BMP_like', 'Cholesterol', 'SaO2'], ['BMP_like'], ['BMP_like', 'Cholesterol', 'TroponinI']]

====================================================================================================
M5 — DISCRIMINATION-SILENT RELIABILITY FAILURE SEARCH
====================================================================================================
configurations enumerated: 1023 (complete=True)
clean discovery   AUROC 0.8335  NLL 0.3107  n=4800
clean confirmation AUROC 0.8179  NLL 0.3216  n=3200

LOCKED SELECTION (chosen on discovery folds 0-2 only):
  #1 BMP_like+TroponinI
      discovery excess NLL +0.01385
      confirmation excess NLL +0.00587 [-0.00174, +0.01365] (95%)
      confirmation AUROC 0.8075 (drop +0.0104, constraint OK)
      calibration intercept +0.523  slope 1.018  mean risk 0.0981  severity 0.418
  #2 BMP_like+Cholesterol
      discovery excess NLL +0.01373
      confirmation excess NLL +0.00843 [-0.00117, +0.01784] (99% (Bonferroni 0.05/5))
      confirmation AUROC 0.8079 (drop +0.0100, constraint OK)
      calibration intercept +0.523  slope 1.019  mean risk 0.0982  severity 0.418
  #3 BMP_like+Cholesterol+SaO2
      discovery excess NLL +0.01361
      confirmation excess NLL +0.00914 [-0.00064, +0.01872] (99% (Bonferroni 0.05/5))
      confirmation AUROC 0.8068 (drop +0.0111, constraint OK)
      calibration intercept +0.517  slope 1.015  mean risk 0.0981  severity 0.442
  #4 BMP_like
      discovery excess NLL +0.01326
      confirmation excess NLL +0.00713 [-0.00238, +0.01668] (99% (Bonferroni 0.05/5))
      confirmation AUROC 0.8078 (drop +0.0101, constraint OK)
      calibration intercept +0.520  slope 1.018  mean risk 0.0984  severity 0.416
  #5 BMP_like+Cholesterol+TroponinI
      discovery excess NLL +0.01304
      confirmation excess NLL +0.00830 [-0.00165, +0.01819] (99% (Bonferroni 0.05/5))
      confirmation AUROC 0.8076 (drop +0.0103, constraint OK)
      calibration intercept +0.526  slope 1.018  mean risk 0.0979  severity 0.420

PREDECLARED TESTS:
  T1 primary  : FAIL
  T2 Brier    : FAIL  (p=0.50700)
  T3 AUROC    : PASS  (drop +0.0104)
  T4 transfer : PASS  (rho=+0.8648, p=0.00010)

wrote <local scratch path redacted>/m5_run/results.json
